// Jest Snapshot v1, https://goo.gl/fbAQLP

exports[`should render ExpenseList with empty message 1`] = `
<div>
  <p>
    No expenses
  </p>
</div>
`;

exports[`should render ExpenseList with expense 1`] = `
<div>
  <ExpenseListItem
    amount={109500}
    createAt={0}
    description="Rent"
    id="1"
    key="1"
    note=""
  />
  <ExpenseListItem
    amount={45}
    createAt={345600000}
    description="Gum"
    id="2"
    key="2"
    note=""
  />
  <ExpenseListItem
    amount={4500}
    createAt={-345600000}
    description="Credit Card"
    id="3"
    key="3"
    note=""
  />
</div>
`;
